// Jest Snapshot v1, https://goo.gl/fbAQLP

exports[`Componente transação de extrato O snapshot do componente deve permanecer sempre o mesmo 1`] = `
<div
  class="transacao-container"
>
  <p>
    10/10/2020
  </p>
  <p>
    saque
  </p>
  <p>
    R$ 
    10.10
  </p>
</div>
`;
